// Jest Snapshot v1, https://goo.gl/fbAQLP

exports[`Header.vue Header 样式改变提示 1`] = `
<div class="header">
  <div class="header-content"><input type="text" data-test="input"></div>
</div>
`;
